// Jest Snapshot v1, https://goo.gl/fbAQLP

exports[`<Main /> should render the heading 1`] = `
<main>
  <h3>
    Diego Souza - React Avan√ßado
  </h3>
</main>
`
